Microchip MPLAB XC8 Compiler V2.45

Linker command line:

-W-3 \
  --edf=C:\Program Files\Microchip\xc8\v2.45\pic\dat\20230818022343_en.msgs \
  -cn -h+dist/default/production\Progetto_3_Parte.X.production.sym \
  --cmf=dist/default/production\Progetto_3_Parte.X.production.cmf -z \
  -Q16F877A -oC:\Users\nicol\AppData\Local\Temp\xcAsc0o.\driver_tmp_3.o \
  --defsym=__MPLAB_BUILD=1 --fixupoverflow=error \
  -Mdist/default/production/Progetto_3_Parte.X.production.map \
  --md=C:\Users\nicol\AppData\Local\Temp\xcAsc0o.\driver_tmp_0.dat -E1 \
  -ver=XC8 Compiler --acfsm=1493 -ACODE=00h-07FFhx4 -ASTRCODE=00h-01FFFh \
  -ASTRING=00h-0FFhx32 -ACONST=00h-0FFhx32 -AENTRY=00h-0FFhx32 \
  -ACOMMON=070h-07Fh -ABANK0=020h-06Fh -ABANK1=0A0h-0EFh \
  -ABANK2=0110h-016Fh -ABANK3=0190h-01EFh \
  -ARAM=020h-06Fh,0A0h-0EFh,0110h-016Fh,0190h-01EFh \
  -AABS1=020h-07Fh,0A0h-0EFh,0110h-016Fh,0190h-01EFh -ASFR0=00h-01Fh \
  -ASFR1=080h-09Fh -ASFR2=0100h-010Fh -ASFR3=0180h-018Fh \
  -ACONFIG=02007h-02007h -DCONFIG=2 -AIDLOC=02000h-02003h -DIDLOC=2 \
  -AEEDATA=00h-0FFh/02100h -peeprom_data=EEDATA -DEEDATA=2 -DCODE=2 \
  -DSTRCODE=2 -DSTRING=2 -DCONST=2 -DENTRY=2 \
  -preset_vec=00h,intentry=04h,init,end_init -ppowerup=CODE -pcinit=CODE \
  -pfunctab=ENTRY -k \
  C:\Users\nicol\AppData\Local\Temp\xcAsc0o.\driver_tmp_12.o \
  dist/default/production\Progetto_3_Parte.X.production.o 

Object code version is 3.11

Machine type is 16F877A



                Name                               Link     Load   Length Selector   Space Scale
C:\Users\nicol\AppData\Local\Temp\xcAsc0o.\driver_tmp_12.o
                end_init                             10       10        3        8       0
                reset_vec                             0        0        3        0       0
                config                             2007     2007        1        0       4
dist/default/production\Progetto_3_Parte.X.production.o
                cinit                                13       13       14        8       0
                intentry                              4        4        C        8       0
                config                             2007     2007        1        0       4
                text9                               3EA      3EA       11      5D2       0
                text8                               323      323       3A      5D2       0
                text7                               395      395       2F      5D2       0
                text6                               1A3      1A3       9A        8       0
                text5                               3C4      3C4       26      5D2       0
                text4                               23D      23D       6F        8       0
                text3                               106      106       9D        8       0
                text2                               2E9      2E9       3A      5D2       0
                text1                               35D      35D       38      5D2       0
                maintext                             27       27       DF        8       0
                cstackBANK0                          20       20       19       20       1
                cstackCOMMON                         70       70        7       70       1
                bssBANK0                             39       39        E       20       1
                strings                             2AC      2AC       3D      558       0

TOTAL           Name                               Link     Load   Length     Space
        CLASS   CODE           
                end_init                             10       10        3         0
                cinit                                13       13       14         0
                intentry                              4        4        C         0
                reset_vec                             0        0        3         0
                text9                               3EA      3EA       11         0
                text8                               323      323       3A         0
                text7                               395      395       2F         0
                text6                               1A3      1A3       9A         0
                text5                               3C4      3C4       26         0
                text4                               23D      23D       6F         0
                text3                               106      106       9D         0
                text2                               2E9      2E9       3A         0
                text1                               35D      35D       38         0
                maintext                             27       27       DF         0

        CLASS   STRCODE        

        CLASS   STRING         
                strings                             2AC      2AC       3D         0

        CLASS   CONST          

        CLASS   ENTRY          

        CLASS   COMMON         
                cstackCOMMON                         70       70        7         1

        CLASS   BANK0          
                cstackBANK0                          20       20       19         1
                bssBANK0                             39       39        E         1

        CLASS   BANK1          

        CLASS   BANK2          

        CLASS   BANK3          

        CLASS   RAM            

        CLASS   ABS1           
                abs_s1                               7E       7E        2         1

        CLASS   SFR0           

        CLASS   SFR1           

        CLASS   SFR2           

        CLASS   SFR3           

        CLASS   CONFIG         
                config                             2007     2007        1         4

        CLASS   IDLOC          

        CLASS   EEDATA         

        CLASS   HEAP           

        CLASS   STACK          



SEGMENTS        Name                           Load    Length   Top    Selector   Space  Class     Delta

                reset_vec                      000000  000003  000003         0       0  CODE        2
                intentry                       000004  0002A8  0002AC         8       0  CODE        2
                cstackBANK0                    000020  000027  000047        20       1  BANK0       1
                cstackCOMMON                   000070  000007  000077        70       1  COMMON      1
                strings                        0002AC  00003D  0002E9       558       0  STRING      2
                text2                          0002E9  000112  0003FB       5D2       0  CODE        2


UNUSED ADDRESS RANGES

        Name                Unused          Largest block    Delta
        BANK0            0047-006F             29           1
        BANK1            00A0-00EF             50           1
        BANK2            0110-016F             60           1
        BANK3            0190-01EF             60           1
        CODE             0003-0003              1           2
                         03FB-1FFF            800
        COMMON           0077-007D              7           1
        CONST            0003-0003              1           2
                         03FB-1FFF            100
        EEDATA           2100-21FF            100           2
        ENTRY            0003-0003              1           2
                         03FB-1FFF            100
        IDLOC            2000-2003              4           2
        RAM              0047-006F             29           1
                         00A0-00EF             50
                         0110-016F             60
                         0190-01EF             60
        SFR0             0000-001F             20           1
        SFR1             0080-009F             20           1
        SFR2             0100-010F             10           1
        SFR3             0180-018F             10           1
        STRCODE          0003-0003              1           2
                         03FB-1FFF           1C05
        STRING           0003-0003              1           2
                         03FB-1FFF            100

                                  Symbol Table

?___aldiv                cstackBANK0  0020
CheckId@id               cstackCOMMON 0072
SendUARTString@i         cstackBANK0  0020
SendUARTString@str       cstackBANK0  0022
_ADCON1                  (abs)        009F
_CheckId                 text9        03EA
_INTCONbits              (abs)        000B
_ISR                     text8        0323
_PIE1bits                (abs)        008C
_PIR1bits                (abs)        000C
_PORTA                   (abs)        0005
_PORTB                   (abs)        0006
_PORTD                   (abs)        0008
_PORTEbits               (abs)        0009
_RCIF                    (abs)        0065
_RCREG                   (abs)        001A
_RCSTAbits               (abs)        0018
_SPBRG                   (abs)        0099
_SendUARTString          text7        0395
_TRISA                   (abs)        0085
_TRISB                   (abs)        0086
_TRISCbits               (abs)        0087
_TRISD                   (abs)        0088
_TRISE                   (abs)        0089
_TXREG                   (abs)        0019
_TXSTAbits               (abs)        0098
__H__absolute__          __absolute__ 0000
__Habs1                  abs1         0000
__Hbank0                 bank0        0000
__Hbank1                 bank1        0000
__Hbank2                 bank2        0000
__Hbank3                 bank3        0000
__HbssBANK0              bssBANK0     0000
__Hcinit                 cinit        0027
__Hclrtext               clrtext      0000
__Hcode                  code         0000
__Hcommon                common       0000
__Hconfig                config       2008
__HcstackBANK0           cstackBANK0  0000
__HcstackCOMMON          cstackCOMMON 0000
__Heeprom_data           eeprom_data  0000
__Hend_init              end_init     0013
__Hfunctab               functab      0000
__Hheap                  heap         0000
__Hinit                  init         0010
__Hintentry              intentry     0010
__Hmaintext              maintext     0000
__Hpowerup               powerup      0000
__Hram                   ram          0000
__Hreset_vec             reset_vec    0003
__Hsfr0                  sfr0         0000
__Hsfr1                  sfr1         0000
__Hsfr2                  sfr2         0000
__Hsfr3                  sfr3         0000
__Hspace_0               (abs)        03FB
__Hspace_1               (abs)        0077
__Hspace_2               (abs)        0000
__Hspace_3               (abs)        0000
__Hspace_4               (abs)        400F
__Hstack                 stack        0000
__Hstrings               strings      0000
__Htext                  text         0000
__L__absolute__          __absolute__ 0000
__Labs1                  abs1         0000
__Lbank0                 bank0        0000
__Lbank1                 bank1        0000
__Lbank2                 bank2        0000
__Lbank3                 bank3        0000
__LbssBANK0              bssBANK0     0000
__Lcinit                 cinit        0013
__Lclrtext               clrtext      0000
__Lcode                  code         0000
__Lcommon                common       0000
__Lconfig                config       0000
__LcstackBANK0           cstackBANK0  0000
__LcstackCOMMON          cstackCOMMON 0000
__Leeprom_data           eeprom_data  0000
__Lend_init              end_init     0010
__Lfunctab               functab      0000
__Lheap                  heap         0000
__Linit                  init         0010
__Lintentry              intentry     0004
__Lmaintext              maintext     0000
__Lpowerup               powerup      0000
__Lram                   ram          0000
__Lreset_vec             reset_vec    0000
__Lsfr0                  sfr0         0000
__Lsfr1                  sfr1         0000
__Lsfr2                  sfr2         0000
__Lsfr3                  sfr3         0000
__Lspace_0               (abs)        0000
__Lspace_1               (abs)        0000
__Lspace_2               (abs)        0000
__Lspace_3               (abs)        0000
__Lspace_4               (abs)        0000
__Lstack                 stack        0000
__Lstrings               strings      0000
__Ltext                  text         0000
__S0                     (abs)        03FB
__S1                     (abs)        0077
__S3                     (abs)        0000
___aldiv                 text3        0106
___aldiv@counter         cstackBANK0  0029
___aldiv@dividend        cstackBANK0  0024
___aldiv@divisor         cstackBANK0  0020
___aldiv@quotient        cstackBANK0  002B
___aldiv@sign            cstackBANK0  002A
___heap_hi               (abs)        0000
___heap_lo               (abs)        0000
___int_sp                stack        0000
___int_stack_hi          stack        0000
___int_stack_lo          stack        0000
___latbits               (abs)        0002
___sp                    stack        0000
___stack_hi              stack        0000
___stack_lo              stack        0000
___stackhi               (abs)        0000
___stacklo               (abs)        0000
__end_of_CheckId         text9        03FB
__end_of_ISR             text8        035D
__end_of_SendUARTString  text7        03C4
__end_of___aldiv         text3        01A3
__end_of__initialization cinit        0023
__end_of__stringtab      strings      02BC
__end_of_buttonMatrix    text6        023D
__end_of_columnConfig    strings      02BF
__end_of_initLCD         text4        02AC
__end_of_initUART        text2        0323
__end_of_main            maintext     0106
__end_of_printStringLCD  text1        0395
__end_of_sendLCD         text5        03EA
__initialization         cinit        0013
__pbssBANK0              bssBANK0     0039
__pcstackBANK0           cstackBANK0  0020
__pcstackCOMMON          cstackCOMMON 0070
__pintentry              intentry     0004
__pmaintext              maintext     0027
__pstrings               strings      02AC
__ptext1                 text1        035D
__ptext2                 text2        02E9
__ptext3                 text3        0106
__ptext4                 text4        023D
__ptext5                 text5        03C4
__ptext6                 text6        01A3
__ptext7                 text7        0395
__ptext8                 text8        0323
__ptext9                 text9        03EA
__stringbase             strings      02BB
__stringtab              strings      02AC
_bottone_premuto         bssBANK0     003B
_buttonMatrix            text6        01A3
_columnConfig            strings      02BC
_endsend                 bssBANK0     0039
_index                   bssBANK0     003A
_initLCD                 text4        023D
_initUART                text2        02E9
_main                    maintext     0027
_printStringLCD          text1        035D
_sendLCD                 text5        03C4
_string                  bssBANK0     003D
_x                       bssBANK0     003C
btemp                    (abs)        007E
buttonMatrix@col         cstackBANK0  0027
buttonMatrix@k           cstackBANK0  0026
buttonMatrix@read        cstackBANK0  0025
buttonMatrix@row         cstackBANK0  0028
end_of_initialization    cinit        0023
initUART@baudRate        cstackBANK0  002F
interrupt_function       intentry     0004
intlevel0                functab      0000
intlevel1                functab      0000
intlevel2                functab      0000
intlevel3                functab      0000
intlevel4                functab      0000
intlevel5                functab      0000
printStringLCD@i         cstackBANK0  0026
printStringLCD@s         cstackBANK0  0024
reset_vec                reset_vec    0000
saved_w                  (abs)        007E
sendLCD@dato             cstackBANK0  0023
sendLCD@rs               cstackBANK0  0020
start                    init         0010
start_initialization     cinit        0013
wtemp0                   (abs)        007E


MODULE INFORMATION

Module		Function		Class		Link	Load	Size
C:\Program Files\Microchip\xc8\v2.45\pic\sources\c99\common\aldiv.c
		___aldiv       		CODE           	0106	0000	157

C:\Program Files\Microchip\xc8\v2.45\pic\sources\c99\common\aldiv.c estimated size: 157

shared
		__stringtab    		STRING         	02AC	0000	16
		__initialization		CODE           	0013	0000	16
		_columnConfig  		STRING         	02BC	0000	3

shared estimated size: 35

main.c
		_SendUARTString		CODE           	0395	0000	47
		_ISR           		CODE           	0323	0000	58
		_CheckId       		CODE           	03EA	0000	17
		_printStringLCD		CODE           	035D	0000	56
		_main          		CODE           	0027	0000	223
		_initUART      		CODE           	02E9	0000	58
		_buttonMatrix  		CODE           	01A3	0000	154
		_sendLCD       		CODE           	03C4	0000	38
		_initLCD       		CODE           	023D	0000	111

main.c estimated size: 762

