Microchip MPLAB XC8 Compiler V2.45

Linker command line:

-W-3 \
  --edf=C:\Program Files\Microchip\xc8\v2.45\pic\dat\20230818022343_en.msgs \
  -cn -h+dist/default/production\Progetto_4_Parte.X.production.sym \
  --cmf=dist/default/production\Progetto_4_Parte.X.production.cmf -z \
  -Q16LF877A -oC:\Users\nicol\AppData\Local\Temp\xcAsfqo.\driver_tmp_3.o \
  --defsym=__MPLAB_BUILD=1 --fixupoverflow=error \
  -Mdist/default/production/Progetto_4_Parte.X.production.map \
  --md=C:\Users\nicol\AppData\Local\Temp\xcAsfqo.\driver_tmp_0.dat -E1 \
  -ver=XC8 Compiler --acfsm=1493 -ACODE=00h-07FFhx4 -ASTRCODE=00h-01FFFh \
  -ASTRING=00h-0FFhx32 -ACONST=00h-0FFhx32 -AENTRY=00h-0FFhx32 \
  -ACOMMON=070h-07Fh -ABANK0=020h-06Fh -ABANK1=0A0h-0EFh \
  -ABANK2=0110h-016Fh -ABANK3=0190h-01EFh \
  -ARAM=020h-06Fh,0A0h-0EFh,0110h-016Fh,0190h-01EFh \
  -AABS1=020h-07Fh,0A0h-0EFh,0110h-016Fh,0190h-01EFh -ASFR0=00h-01Fh \
  -ASFR1=080h-09Fh -ASFR2=0100h-010Fh -ASFR3=0180h-018Fh \
  -ACONFIG=02007h-02007h -DCONFIG=2 -AIDLOC=02000h-02003h -DIDLOC=2 \
  -AEEDATA=00h-0FFh/02100h -peeprom_data=EEDATA -DEEDATA=2 -DCODE=2 \
  -DSTRCODE=2 -DSTRING=2 -DCONST=2 -DENTRY=2 \
  -preset_vec=00h,intentry=04h,init,end_init -ppowerup=CODE -pcinit=CODE \
  -pfunctab=ENTRY -k \
  C:\Users\nicol\AppData\Local\Temp\xcAsfqo.\driver_tmp_12.o \
  dist/default/production\Progetto_4_Parte.X.production.o 

Object code version is 3.11

Machine type is 16LF877A



                Name                               Link     Load   Length Selector   Space Scale
C:\Users\nicol\AppData\Local\Temp\xcAsfqo.\driver_tmp_12.o
                end_init                             10       10        3        8       0
                reset_vec                             0        0        3        0       0
                config                             2007     2007        1        0       4
dist/default/production\Progetto_4_Parte.X.production.o
                cinit                                13       13       2B        8       0
                intentry                              4        4        C        8       0
                config                             2007     2007        1        0       4
                text10                              48F      48F       11      71C       0
                text9                               3C8      3C8       3A      71C       0
                text8                               43A      43A       2F      71C       0
                text7                               1C1      1C1       9A        8       0
                text6                               469      469       26      71C       0
                text5                               2D5      2D5       6F        8       0
                text4                               124      124       9D        8       0
                text3                               38E      38E       3A      71C       0
                text2                               402      402       38      71C       0
                text1                               25B      25B       7A        8       0
                maintext                             3E       3E       E6        8       0
                cstackBANK0                          20       20       19       20       1
                cstackCOMMON                         70       70        7       70       1
                clrtext                             4A0      4A0        8      71C       0
                dataBANK0                            4D       4D        5       20       1
                bssBANK0                             39       39       14       20       1
                strings                             344      344       4A      688       0
                idataBANK0                          4A8      4A8        5      71C       0

TOTAL           Name                               Link     Load   Length     Space
        CLASS   CODE           
                end_init                             10       10        3         0
                cinit                                13       13       2B         0
                intentry                              4        4        C         0
                reset_vec                             0        0        3         0
                text10                              48F      48F       11         0
                text9                               3C8      3C8       3A         0
                text8                               43A      43A       2F         0
                text7                               1C1      1C1       9A         0
                text6                               469      469       26         0
                text5                               2D5      2D5       6F         0
                text4                               124      124       9D         0
                text3                               38E      38E       3A         0
                text2                               402      402       38         0
                text1                               25B      25B       7A         0
                maintext                             3E       3E       E6         0
                clrtext                             4A0      4A0        8         0
                idataBANK0                          4A8      4A8        5         0

        CLASS   STRCODE        

        CLASS   STRING         
                strings                             344      344       4A         0

        CLASS   CONST          

        CLASS   ENTRY          

        CLASS   COMMON         
                cstackCOMMON                         70       70        7         1

        CLASS   BANK0          
                cstackBANK0                          20       20       19         1
                dataBANK0                            4D       4D        5         1
                bssBANK0                             39       39       14         1

        CLASS   BANK1          

        CLASS   BANK2          

        CLASS   BANK3          

        CLASS   RAM            

        CLASS   ABS1           
                abs_s1                               7E       7E        2         1

        CLASS   SFR0           

        CLASS   SFR1           

        CLASS   SFR2           

        CLASS   SFR3           

        CLASS   CONFIG         
                config                             2007     2007        1         4

        CLASS   IDLOC          

        CLASS   EEDATA         

        CLASS   HEAP           

        CLASS   STACK          



SEGMENTS        Name                           Load    Length   Top    Selector   Space  Class     Delta

                reset_vec                      000000  000003  000003         0       0  CODE        2
                intentry                       000004  000340  000344         8       0  CODE        2
                cstackBANK0                    000020  000032  000052        20       1  BANK0       1
                cstackCOMMON                   000070  000007  000077        70       1  COMMON      1
                strings                        000344  00004A  00038E       688       0  STRING      2
                text3                          00038E  00011F  0004AD       71C       0  CODE        2


UNUSED ADDRESS RANGES

        Name                Unused          Largest block    Delta
        BANK0            0052-006F             1E           1
        BANK1            00A0-00EF             50           1
        BANK2            0110-016F             60           1
        BANK3            0190-01EF             60           1
        CODE             0003-0003              1           2
                         04AD-1FFF            800
        COMMON           0077-007D              7           1
        CONST            0003-0003              1           2
                         04AD-1FFF            100
        EEDATA           2100-21FF            100           2
        ENTRY            0003-0003              1           2
                         04AD-1FFF            100
        IDLOC            2000-2003              4           2
        RAM              0052-006F             1E           1
                         00A0-00EF             50
                         0110-016F             60
                         0190-01EF             60
        SFR0             0000-001F             20           1
        SFR1             0080-009F             20           1
        SFR2             0100-010F             10           1
        SFR3             0180-018F             10           1
        STRCODE          0003-0003              1           2
                         04AD-1FFF           1B53
        STRING           0003-0003              1           2
                         04AD-1FFF            100

                                  Symbol Table

?___aldiv                 cstackBANK0  0020
CheckId@id                cstackCOMMON 0072
SendUARTString@i          cstackBANK0  0020
SendUARTString@str        cstackBANK0  0022
_ADCON1                   (abs)        009F
_CheckId                  text10       048F
_INTCONbits               (abs)        000B
_ISR                      text9        03C8
_PIE1bits                 (abs)        008C
_PIR1bits                 (abs)        000C
_PORTA                    (abs)        0005
_PORTB                    (abs)        0006
_PORTD                    (abs)        0008
_PORTEbits                (abs)        0009
_RCIF                     (abs)        0065
_RCREG                    (abs)        001A
_RCSTAbits                (abs)        0018
_SPBRG                    (abs)        0099
_SendUARTString           text8        043A
_TRISA                    (abs)        0085
_TRISB                    (abs)        0086
_TRISCbits                (abs)        0087
_TRISD                    (abs)        0088
_TRISE                    (abs)        0089
_TXREG                    (abs)        0019
_TXSTAbits                (abs)        0098
__H__absolute__           __absolute__ 0000
__Habs1                   abs1         0000
__Hbank0                  bank0        0000
__Hbank1                  bank1        0000
__Hbank2                  bank2        0000
__Hbank3                  bank3        0000
__HbssBANK0               bssBANK0     0000
__Hcinit                  cinit        003E
__Hclrtext                clrtext      0000
__Hcode                   code         0000
__Hcommon                 common       0000
__Hconfig                 config       2008
__HcstackBANK0            cstackBANK0  0000
__HcstackCOMMON           cstackCOMMON 0000
__HdataBANK0              dataBANK0    0000
__Heeprom_data            eeprom_data  0000
__Hend_init               end_init     0013
__Hfunctab                functab      0000
__Hheap                   heap         0000
__HidataBANK0             idataBANK0   0000
__Hinit                   init         0010
__Hintentry               intentry     0010
__Hmaintext               maintext     0000
__Hpowerup                powerup      0000
__Hram                    ram          0000
__Hreset_vec              reset_vec    0003
__Hsfr0                   sfr0         0000
__Hsfr1                   sfr1         0000
__Hsfr2                   sfr2         0000
__Hsfr3                   sfr3         0000
__Hspace_0                (abs)        04AD
__Hspace_1                (abs)        0077
__Hspace_2                (abs)        0000
__Hspace_3                (abs)        0000
__Hspace_4                (abs)        400F
__Hstack                  stack        0000
__Hstrings                strings      0000
__Htext                   text         0000
__L__absolute__           __absolute__ 0000
__Labs1                   abs1         0000
__Lbank0                  bank0        0000
__Lbank1                  bank1        0000
__Lbank2                  bank2        0000
__Lbank3                  bank3        0000
__LbssBANK0               bssBANK0     0000
__Lcinit                  cinit        0013
__Lclrtext                clrtext      0000
__Lcode                   code         0000
__Lcommon                 common       0000
__Lconfig                 config       0000
__LcstackBANK0            cstackBANK0  0000
__LcstackCOMMON           cstackCOMMON 0000
__LdataBANK0              dataBANK0    0000
__Leeprom_data            eeprom_data  0000
__Lend_init               end_init     0010
__Lfunctab                functab      0000
__Lheap                   heap         0000
__LidataBANK0             idataBANK0   0000
__Linit                   init         0010
__Lintentry               intentry     0004
__Lmaintext               maintext     0000
__Lpowerup                powerup      0000
__Lram                    ram          0000
__Lreset_vec              reset_vec    0000
__Lsfr0                   sfr0         0000
__Lsfr1                   sfr1         0000
__Lsfr2                   sfr2         0000
__Lsfr3                   sfr3         0000
__Lspace_0                (abs)        0000
__Lspace_1                (abs)        0000
__Lspace_2                (abs)        0000
__Lspace_3                (abs)        0000
__Lspace_4                (abs)        0000
__Lstack                  stack        0000
__Lstrings                strings      0000
__Ltext                   text         0000
__S0                      (abs)        04AD
__S1                      (abs)        0077
__S3                      (abs)        0000
___aldiv                  text4        0124
___aldiv@counter          cstackBANK0  0029
___aldiv@dividend         cstackBANK0  0024
___aldiv@divisor          cstackBANK0  0020
___aldiv@quotient         cstackBANK0  002B
___aldiv@sign             cstackBANK0  002A
___heap_hi                (abs)        0000
___heap_lo                (abs)        0000
___int_sp                 stack        0000
___int_stack_hi           stack        0000
___int_stack_lo           stack        0000
___latbits                (abs)        0002
___sp                     stack        0000
___stack_hi               stack        0000
___stack_lo               stack        0000
___stackhi                (abs)        0000
___stacklo                (abs)        0000
__end_of_CheckId          text10       04A0
__end_of_ISR              text9        0402
__end_of_SendUARTString   text8        0469
__end_of___aldiv          text4        01C1
__end_of__initialization  cinit        003A
__end_of__stringtab       strings      0354
__end_of_buttonMatrix     text7        025B
__end_of_columnConfig     strings      0357
__end_of_initLCD          text5        0344
__end_of_initUART         text3        03C8
__end_of_main             maintext     0124
__end_of_printStringLCD   text2        043A
__end_of_sendLCD          text6        048F
__end_of_updatevalues     text1        02D5
__initialization          cinit        0013
__pbssBANK0               bssBANK0     0039
__pcstackBANK0            cstackBANK0  0020
__pcstackCOMMON           cstackCOMMON 0070
__pdataBANK0              dataBANK0    004D
__pidataBANK0             idataBANK0   04A8
__pintentry               intentry     0004
__pmaintext               maintext     003E
__pstrings                strings      0344
__ptext1                  text1        025B
__ptext10                 text10       048F
__ptext2                  text2        0402
__ptext3                  text3        038E
__ptext4                  text4        0124
__ptext5                  text5        02D5
__ptext6                  text6        0469
__ptext7                  text7        01C1
__ptext8                  text8        043A
__ptext9                  text9        03C8
__stringbase              strings      0353
__stringtab               strings      0344
_bottone_premuto          bssBANK0     003B
_buttonMatrix             text7        01C1
_columnConfig             strings      0354
_endsend                  bssBANK0     0039
_index                    bssBANK0     003A
_initLCD                  text5        02D5
_initUART                 text3        038E
_main                     maintext     003E
_printStringLCD           text2        0402
_sendLCD                  text6        0469
_string                   bssBANK0     003D
_updatevalues             text1        025B
_valori_hez               dataBANK0    004D
_x                        bssBANK0     003C
btemp                     (abs)        007E
buttonMatrix@col          cstackBANK0  0027
buttonMatrix@k            cstackBANK0  0026
buttonMatrix@read         cstackBANK0  0025
buttonMatrix@row          cstackBANK0  0028
clear_ram0                clrtext      04A0
end_of_initialization     cinit        003A
initUART@baudRate         cstackBANK0  002F
interrupt_function        intentry     0004
intlevel0                 functab      0000
intlevel1                 functab      0000
intlevel2                 functab      0000
intlevel3                 functab      0000
intlevel4                 functab      0000
intlevel5                 functab      0000
printStringLCD@i          cstackBANK0  0026
printStringLCD@s          cstackBANK0  0024
reset_vec                 reset_vec    0000
saved_w                   (abs)        007E
sendLCD@dato              cstackBANK0  0023
sendLCD@rs                cstackBANK0  0020
start                     init         0010
start_initialization      cinit        0013
updatevalues@index_hez    cstackBANK0  0025
updatevalues@index_spazi  cstackBANK0  0026
updatevalues@index_string cstackBANK0  0027
wtemp0                    (abs)        007E


MODULE INFORMATION

Module		Function		Class		Link	Load	Size
C:\Program Files\Microchip\xc8\v2.45\pic\sources\c99\common\aldiv.c
		___aldiv       		CODE           	0124	0000	157

C:\Program Files\Microchip\xc8\v2.45\pic\sources\c99\common\aldiv.c estimated size: 157

shared
		__stringtab    		STRING         	0344	0000	16
		__initialization		CODE           	0013	0000	39
		_columnConfig  		STRING         	0354	0000	3

shared estimated size: 58

main.c
		_SendUARTString		CODE           	043A	0000	47
		_ISR           		CODE           	03C8	0000	58
		_CheckId       		CODE           	048F	0000	17
		_printStringLCD		CODE           	0402	0000	56
		_main          		CODE           	003E	0000	230
		_updatevalues  		CODE           	025B	0000	122
		_initUART      		CODE           	038E	0000	58
		_buttonMatrix  		CODE           	01C1	0000	154
		_sendLCD       		CODE           	0469	0000	38
		_initLCD       		CODE           	02D5	0000	111

main.c estimated size: 891

