Microchip MPLAB XC8 Compiler V2.45

Linker command line:

-W-3 \
  --edf=C:\Program Files\Microchip\xc8\v2.45\pic\dat\20230818022343_en.msgs \
  -cn -h+dist/default/debug\Pic_Genius_Display.X.debug.sym \
  --cmf=dist/default/debug\Pic_Genius_Display.X.debug.cmf -z -Q16F877A \
  -oC:\Users\nicol\AppData\Local\Temp\xcAs8c8.\driver_tmp_3.o \
  --defsym=__MPLAB_BUILD=1 --fixupoverflow=error \
  -Mdist/default/debug/Pic_Genius_Display.X.debug.map \
  --md=C:\Users\nicol\AppData\Local\Temp\xcAs8c8.\driver_tmp_0.dat -E1 \
  -ver=XC8 Compiler --acfsm=1493 -ACODE=00h-07FFhx4 -ASTRCODE=00h-01FFFh \
  -ASTRING=00h-0FFhx32 -ACONST=00h-0FFhx32 -AENTRY=00h-0FFhx32 \
  -ACOMMON=070h-07Fh -ABANK0=020h-06Fh -ABANK1=0A0h-0EFh \
  -ABANK2=0110h-016Fh -ABANK3=0190h-01EFh \
  -ARAM=020h-06Fh,0A0h-0EFh,0110h-016Fh,0190h-01EFh \
  -AABS1=020h-07Fh,0A0h-0EFh,0110h-016Fh,0190h-01EFh -ASFR0=00h-01Fh \
  -ASFR1=080h-09Fh -ASFR2=0100h-010Fh -ASFR3=0180h-018Fh \
  -ACONFIG=02007h-02007h -DCONFIG=2 -AIDLOC=02000h-02003h -DIDLOC=2 \
  -AEEDATA=00h-0FFh/02100h -peeprom_data=EEDATA -DEEDATA=2 -DCODE=2 \
  -DSTRCODE=2 -DSTRING=2 -DCONST=2 -DENTRY=2 \
  -preset_vec=00h,intentry,init,end_init -ppowerup=CODE -pcinit=CODE \
  -pfunctab=ENTRY -k \
  C:\Users\nicol\AppData\Local\Temp\xcAs8c8.\driver_tmp_12.o \
  dist/default/debug\Pic_Genius_Display.X.debug.o 

Object code version is 3.11

Machine type is 16F877A



                Name                               Link     Load   Length Selector   Space Scale
C:\Users\nicol\AppData\Local\Temp\xcAs8c8.\driver_tmp_12.o
                end_init                              0        0        3        0       0
                config                             2007     2007        1        0       4
dist/default/debug\Pic_Genius_Display.X.debug.o
                cinit                               7EE      7EE       12      FDC       0
                config                             2007     2007        1        0       4
                text3                               741      741       24      E82       0
                text2                               78C      78C       62      F18       0
                text1                               765      765       27      ECA       0
                maintext                            71E      71E       23      E3C       0
                cstackCOMMON                         70       70        7       70       1
                inittext                            70B      70B       13      E16       0
                dataBANK0                            20       20        B       20       1
                strings                               3        3       20        6       0
                idataBANK0                          700      700        B      E00       0

TOTAL           Name                               Link     Load   Length     Space
        CLASS   CODE           
                end_init                              0        0        3         0
                cinit                               7EE      7EE       12         0
                text3                               741      741       24         0
                text2                               78C      78C       62         0
                text1                               765      765       27         0
                maintext                            71E      71E       23         0
                inittext                            70B      70B       13         0
                idataBANK0                          700      700        B         0

        CLASS   STRCODE        

        CLASS   STRING         
                strings                               3        3       20         0

        CLASS   CONST          

        CLASS   ENTRY          

        CLASS   COMMON         
                cstackCOMMON                         70       70        7         1

        CLASS   BANK0          
                dataBANK0                            20       20        B         1

        CLASS   BANK1          

        CLASS   BANK2          

        CLASS   BANK3          

        CLASS   RAM            

        CLASS   ABS1           
                abs_s1                               7E       7E        2         1

        CLASS   SFR0           

        CLASS   SFR1           

        CLASS   SFR2           

        CLASS   SFR3           

        CLASS   CONFIG         
                config                             2007     2007        1         4

        CLASS   IDLOC          

        CLASS   EEDATA         

        CLASS   HEAP           

        CLASS   STACK          



SEGMENTS        Name                           Load    Length   Top    Selector   Space  Class     Delta

                reset_vec                      000000  000003  000003         0       0  CODE        2
                strings                        000003  000020  000023         6       0  STRING      2
                dataBANK0                      000020  00000B  00002B        20       1  BANK0       1
                cstackCOMMON                   000070  000007  000077        70       1  COMMON      1
                idataBANK0                     000700  00000B  00070B       E00       0  CODE        2
                inittext                       00070B  000013  00071E       E16       0  CODE        2
                maintext                       00071E  000023  000741       E3C       0  CODE        2
                text3                          000741  000024  000765       E82       0  CODE        2
                text1                          000765  000027  00078C       ECA       0  CODE        2
                text2                          00078C  000062  0007EE       F18       0  CODE        2
                cinit                          0007EE  000012  000800       FDC       0  CODE        2


UNUSED ADDRESS RANGES

        Name                Unused          Largest block    Delta
        BANK0            002B-006F             45           1
        BANK1            00A0-00EF             50           1
        BANK2            0110-016F             60           1
        BANK3            0190-01EF             60           1
        CODE             0023-06FF            6DD           2
                         0800-1FFF            800
        COMMON           0077-007D              7           1
        CONST            0023-06FF            100           2
                         0800-1FFF            100
        EEDATA           2100-21FF            100           2
        ENTRY            0023-06FF            100           2
                         0800-1FFF            100
        IDLOC            2000-2003              4           2
        RAM              002B-006F             45           1
                         00A0-00EF             50
                         0110-016F             60
                         0190-01EF             60
        SFR0             0000-001F             20           1
        SFR1             0080-009F             20           1
        SFR2             0100-010F             10           1
        SFR3             0180-018F             10           1
        STRCODE          0023-06FF            6DD           2
                         0800-1FFF           1800
        STRING           0023-06FF            100           2
                         0800-1FFF            100

                                  Symbol Table

PrintLCD@i               cstackCOMMON 0074
PrintLCD@s               cstackCOMMON 0076
SendLCD@dato             cstackCOMMON 0073
SendLCD@rs               cstackCOMMON 0070
_InitLCD                 text2        078C
_PORTD                   (abs)        0008
_PORTEbits               (abs)        0009
_PrintLCD                text1        0765
_SendLCD                 text3        0741
_TRISD                   (abs)        0088
_TRISE                   (abs)        0089
__H__absolute__          __absolute__ 0000
__Habs1                  abs1         0000
__Hbank0                 bank0        0000
__Hbank1                 bank1        0000
__Hbank2                 bank2        0000
__Hbank3                 bank3        0000
__Hcinit                 cinit        0800
__Hclrtext               clrtext      0000
__Hcode                  code         0000
__Hcommon                common       0000
__Hconfig                config       2008
__HcstackCOMMON          cstackCOMMON 0000
__HdataBANK0             dataBANK0    0000
__Heeprom_data           eeprom_data  0000
__Hend_init              end_init     0003
__Hfunctab               functab      0000
__Hheap                  heap         0000
__HidataBANK0            idataBANK0   0000
__Hinit                  init         0000
__Hinittext              inittext     0000
__Hintentry              intentry     0000
__Hmaintext              maintext     0000
__Hpowerup               powerup      0000
__Hram                   ram          0000
__Hreset_vec             reset_vec    0000
__Hsfr0                  sfr0         0000
__Hsfr1                  sfr1         0000
__Hsfr2                  sfr2         0000
__Hsfr3                  sfr3         0000
__Hspace_0               (abs)        0800
__Hspace_1               (abs)        0077
__Hspace_2               (abs)        0000
__Hspace_3               (abs)        0000
__Hspace_4               (abs)        400F
__Hstack                 stack        0000
__Hstrings               strings      0000
__Htext                  text         0000
__L__absolute__          __absolute__ 0000
__Labs1                  abs1         0000
__Lbank0                 bank0        0000
__Lbank1                 bank1        0000
__Lbank2                 bank2        0000
__Lbank3                 bank3        0000
__Lcinit                 cinit        07EE
__Lclrtext               clrtext      0000
__Lcode                  code         0000
__Lcommon                common       0000
__Lconfig                config       0000
__LcstackCOMMON          cstackCOMMON 0000
__LdataBANK0             dataBANK0    0000
__Leeprom_data           eeprom_data  0000
__Lend_init              end_init     0000
__Lfunctab               functab      0000
__Lheap                  heap         0000
__LidataBANK0            idataBANK0   0000
__Linit                  init         0000
__Linittext              inittext     0000
__Lintentry              intentry     0000
__Lmaintext              maintext     0000
__Lpowerup               powerup      0000
__Lram                   ram          0000
__Lreset_vec             reset_vec    0000
__Lsfr0                  sfr0         0000
__Lsfr1                  sfr1         0000
__Lsfr2                  sfr2         0000
__Lsfr3                  sfr3         0000
__Lspace_0               (abs)        0000
__Lspace_1               (abs)        0000
__Lspace_2               (abs)        0000
__Lspace_3               (abs)        0000
__Lspace_4               (abs)        0000
__Lstack                 stack        0000
__Lstrings               strings      0000
__Ltext                  text         0000
__S0                     (abs)        0800
__S1                     (abs)        0077
__S3                     (abs)        0000
___heap_hi               (abs)        0000
___heap_lo               (abs)        0000
___int_sp                stack        0000
___int_stack_hi          stack        0000
___int_stack_lo          stack        0000
___latbits               (abs)        0002
___sp                    stack        0000
___stack_hi              stack        0000
___stack_lo              stack        0000
___stackhi               (abs)        0000
___stacklo               (abs)        0000
__end_of_InitLCD         text2        07EE
__end_of_PrintLCD        text1        078C
__end_of_SendLCD         text3        0765
__end_of__initialization cinit        07FC
__end_of__stringtab      strings      0009
__end_of_main            maintext     0741
__initialization         cinit        07EE
__pcstackCOMMON          cstackCOMMON 0070
__pdataBANK0             dataBANK0    0020
__pidataBANK0            idataBANK0   0700
__pmaintext              maintext     071E
__pstrings               strings      0003
__ptext1                 text1        0765
__ptext2                 text2        078C
__ptext3                 text3        0741
__stringbase             strings      0008
__stringtab              strings      0003
_main                    maintext     071E
btemp                    (abs)        007E
end_of_initialization    cinit        07FC
init_fetch0              inittext     070B
init_ram0                inittext     070F
intlevel0                functab      0000
intlevel1                functab      0000
intlevel2                functab      0000
intlevel3                functab      0000
intlevel4                functab      0000
intlevel5                functab      0000
reset_vec                reset_vec    0000
start                    init         0000
start_initialization     cinit        07EE
wtemp0                   (abs)        007E


MODULE INFORMATION

Module		Function		Class		Link	Load	Size
shared
		__stringtab    		STRING         	0003	0000	6
		__initialization		CODE           	07EE	0000	14

shared estimated size: 20

ScritturaFrase.c
		_main          		CODE           	071E	0000	35
		_SendLCD       		CODE           	0741	0000	36
		_PrintLCD      		CODE           	0765	0000	39
		_InitLCD       		CODE           	078C	0000	98

ScritturaFrase.c estimated size: 208

