Microchip MPLAB XC8 Compiler V2.45

Linker command line:

-W-3 \
  --edf=C:\Program Files\Microchip\xc8\v2.45\pic\dat\20230818022343_en.msgs \
  -cn -h+dist/default/production\Esame_intermedio.X.production.sym \
  --cmf=dist/default/production\Esame_intermedio.X.production.cmf -z \
  -Q16LF877A -oC:\Users\nicol\AppData\Local\Temp\xcAsfdg.\driver_tmp_3.o \
  --defsym=__MPLAB_BUILD=1 --fixupoverflow=error \
  -Mdist/default/production/Esame_intermedio.X.production.map \
  --md=C:\Users\nicol\AppData\Local\Temp\xcAsfdg.\driver_tmp_0.dat -E1 \
  -ver=XC8 Compiler --acfsm=1493 -ACODE=00h-07FFhx4 -ASTRCODE=00h-01FFFh \
  -ASTRING=00h-0FFhx32 -ACONST=00h-0FFhx32 -AENTRY=00h-0FFhx32 \
  -ACOMMON=070h-07Fh -ABANK0=020h-06Fh -ABANK1=0A0h-0EFh \
  -ABANK2=0110h-016Fh -ABANK3=0190h-01EFh \
  -ARAM=020h-06Fh,0A0h-0EFh,0110h-016Fh,0190h-01EFh \
  -AABS1=020h-07Fh,0A0h-0EFh,0110h-016Fh,0190h-01EFh -ASFR0=00h-01Fh \
  -ASFR1=080h-09Fh -ASFR2=0100h-010Fh -ASFR3=0180h-018Fh \
  -ACONFIG=02007h-02007h -DCONFIG=2 -AIDLOC=02000h-02003h -DIDLOC=2 \
  -AEEDATA=00h-0FFh/02100h -peeprom_data=EEDATA -DEEDATA=2 -DCODE=2 \
  -DSTRCODE=2 -DSTRING=2 -DCONST=2 -DENTRY=2 \
  -preset_vec=00h,intentry=04h,init,end_init -ppowerup=CODE -pcinit=CODE \
  -pfunctab=ENTRY -k \
  C:\Users\nicol\AppData\Local\Temp\xcAsfdg.\driver_tmp_12.o \
  dist/default/production\Esame_intermedio.X.production.o 

Object code version is 3.11

Machine type is 16LF877A



                Name                               Link     Load   Length Selector   Space Scale
C:\Users\nicol\AppData\Local\Temp\xcAsfdg.\driver_tmp_12.o
                end_init                             10       10        3        8       0
                reset_vec                             0        0        3        0       0
                config                             2007     2007        1        0       4
dist/default/production\Esame_intermedio.X.production.o
                cinit                                13       13        D        8       0
                intentry                              4        4        C        8       0
                config                             2007     2007        1        0       4
                text6                               164      164       2B        8       0
                text5                               1DC      1DC       24        8       0
                text4                                BD       BD       62        8       0
                text3                                20       20       9D        8       0
                text2                               11F      11F       45        8       0
                text1                               1B8      1B8       24        8       0
                maintext                            18F      18F       29        8       0
                cstackBANK0                          36       36       12       20       1
                cstackCOMMON                         70       70        A       70       1
                clrtext                             200      200        8        8       0
                bssBANK0                             20       20       16       20       1

TOTAL           Name                               Link     Load   Length     Space
        CLASS   CODE           
                end_init                             10       10        3         0
                cinit                                13       13        D         0
                intentry                              4        4        C         0
                reset_vec                             0        0        3         0
                text6                               164      164       2B         0
                text5                               1DC      1DC       24         0
                text4                                BD       BD       62         0
                text3                                20       20       9D         0
                text2                               11F      11F       45         0
                text1                               1B8      1B8       24         0
                maintext                            18F      18F       29         0
                clrtext                             200      200        8         0

        CLASS   STRCODE        

        CLASS   STRING         

        CLASS   CONST          

        CLASS   ENTRY          

        CLASS   COMMON         
                cstackCOMMON                         70       70        A         1

        CLASS   BANK0          
                cstackBANK0                          36       36       12         1
                bssBANK0                             20       20       16         1

        CLASS   BANK1          

        CLASS   BANK2          

        CLASS   BANK3          

        CLASS   RAM            

        CLASS   ABS1           
                abs_s1                               7E       7E        2         1

        CLASS   SFR0           

        CLASS   SFR1           

        CLASS   SFR2           

        CLASS   SFR3           

        CLASS   CONFIG         
                config                             2007     2007        1         4

        CLASS   IDLOC          

        CLASS   EEDATA         

        CLASS   HEAP           

        CLASS   STACK          



SEGMENTS        Name                           Load    Length   Top    Selector   Space  Class     Delta

                reset_vec                      000000  000003  000003         0       0  CODE        2
                intentry                       000004  000204  000208         8       0  CODE        2
                bssBANK0                       000020  000028  000048        20       1  BANK0       1
                cstackCOMMON                   000070  00000A  00007A        70       1  COMMON      1


UNUSED ADDRESS RANGES

        Name                Unused          Largest block    Delta
        BANK0            0048-006F             28           1
        BANK1            00A0-00EF             50           1
        BANK2            0110-016F             60           1
        BANK3            0190-01EF             60           1
        CODE             0003-0003              1           2
                         0208-1FFF            800
        COMMON           007A-007D              4           1
        CONST            0003-0003              1           2
                         0208-1FFF            100
        EEDATA           2100-21FF            100           2
        ENTRY            0003-0003              1           2
                         0208-1FFF            100
        IDLOC            2000-2003              4           2
        RAM              0048-006F             28           1
                         00A0-00EF             50
                         0110-016F             60
                         0190-01EF             60
        SFR0             0000-001F             20           1
        SFR1             0080-009F             20           1
        SFR2             0100-010F             10           1
        SFR3             0180-018F             10           1
        STRCODE          0003-0003              1           2
                         0208-1FFF           1DF8
        STRING           0003-0003              1           2
                         0208-1FFF            100

                                  Symbol Table

?___aldiv                cstackBANK0  0036
_INTCON                  (abs)        000B
_ISR                     text6        0164
_PIE1                    (abs)        008C
_PIR1bits                (abs)        000C
_PORTB                   (abs)        0006
_PORTD                   (abs)        0008
_PORTEbits               (abs)        0009
_RCIF                    (abs)        0065
_RCREG                   (abs)        001A
_RCSTA                   (abs)        0018
_SPBRG                   (abs)        0099
_TRISB                   (abs)        0086
_TRISC                   (abs)        0087
_TRISD                   (abs)        0088
_TRISE                   (abs)        0089
_TXREG                   (abs)        0019
_TXSTA                   (abs)        0098
__H__absolute__          __absolute__ 0000
__Habs1                  abs1         0000
__Hbank0                 bank0        0000
__Hbank1                 bank1        0000
__Hbank2                 bank2        0000
__Hbank3                 bank3        0000
__HbssBANK0              bssBANK0     0000
__Hcinit                 cinit        0020
__Hclrtext               clrtext      0000
__Hcode                  code         0000
__Hcommon                common       0000
__Hconfig                config       2008
__HcstackBANK0           cstackBANK0  0000
__HcstackCOMMON          cstackCOMMON 0000
__Heeprom_data           eeprom_data  0000
__Hend_init              end_init     0013
__Hfunctab               functab      0000
__Hheap                  heap         0000
__Hinit                  init         0010
__Hintentry              intentry     0010
__Hmaintext              maintext     0000
__Hpowerup               powerup      0000
__Hram                   ram          0000
__Hreset_vec             reset_vec    0003
__Hsfr0                  sfr0         0000
__Hsfr1                  sfr1         0000
__Hsfr2                  sfr2         0000
__Hsfr3                  sfr3         0000
__Hspace_0               (abs)        0208
__Hspace_1               (abs)        007A
__Hspace_2               (abs)        0000
__Hspace_3               (abs)        0000
__Hspace_4               (abs)        400F
__Hstack                 stack        0000
__Hstrings               strings      0000
__Htext                  text         0000
__L__absolute__          __absolute__ 0000
__Labs1                  abs1         0000
__Lbank0                 bank0        0000
__Lbank1                 bank1        0000
__Lbank2                 bank2        0000
__Lbank3                 bank3        0000
__LbssBANK0              bssBANK0     0000
__Lcinit                 cinit        0013
__Lclrtext               clrtext      0000
__Lcode                  code         0000
__Lcommon                common       0000
__Lconfig                config       0000
__LcstackBANK0           cstackBANK0  0000
__LcstackCOMMON          cstackCOMMON 0000
__Leeprom_data           eeprom_data  0000
__Lend_init              end_init     0010
__Lfunctab               functab      0000
__Lheap                  heap         0000
__Linit                  init         0010
__Lintentry              intentry     0004
__Lmaintext              maintext     0000
__Lpowerup               powerup      0000
__Lram                   ram          0000
__Lreset_vec             reset_vec    0000
__Lsfr0                  sfr0         0000
__Lsfr1                  sfr1         0000
__Lsfr2                  sfr2         0000
__Lsfr3                  sfr3         0000
__Lspace_0               (abs)        0000
__Lspace_1               (abs)        0000
__Lspace_2               (abs)        0000
__Lspace_3               (abs)        0000
__Lspace_4               (abs)        0000
__Lstack                 stack        0000
__Lstrings               strings      0000
__Ltext                  text         0000
__S0                     (abs)        0208
__S1                     (abs)        007A
__S3                     (abs)        0000
___aldiv                 text3        0020
___aldiv@counter         cstackBANK0  003E
___aldiv@dividend        cstackBANK0  003A
___aldiv@divisor         cstackBANK0  0036
___aldiv@quotient        cstackBANK0  0040
___aldiv@sign            cstackBANK0  003F
___heap_hi               (abs)        0000
___heap_lo               (abs)        0000
___int_sp                stack        0000
___int_stack_hi          stack        0000
___int_stack_lo          stack        0000
___latbits               (abs)        0002
___sp                    stack        0000
___stack_hi              stack        0000
___stack_lo              stack        0000
___stackhi               (abs)        0000
___stacklo               (abs)        0000
__end_of_ISR             text6        018F
__end_of___aldiv         text3        00BD
__end_of__initialization cinit        001C
__end_of_initLCD         text4        011F
__end_of_initUART        text2        0164
__end_of_main            maintext     01B8
__end_of_sendLCD         text5        0200
__end_of_sendLCDString   text1        01DC
__initialization         cinit        0013
__pbssBANK0              bssBANK0     0020
__pcstackBANK0           cstackBANK0  0036
__pcstackCOMMON          cstackCOMMON 0070
__pintentry              intentry     0004
__pmaintext              maintext     018F
__ptext1                 text1        01B8
__ptext2                 text2        011F
__ptext3                 text3        0020
__ptext4                 text4        00BD
__ptext5                 text5        01DC
__ptext6                 text6        0164
_columnConfig            bssBANK0     0020
_endReceive              bssBANK0     002B
_indexString             bssBANK0     002A
_initLCD                 text4        00BD
_initUART                text2        011F
_main                    maintext     018F
_receivedString          bssBANK0     002C
_sendLCD                 text5        01DC
_sendLCDString           text1        01B8
btemp                    (abs)        007E
clear_ram0               clrtext      0200
end_of_initialization    cinit        001C
initUART@baudRate        cstackBANK0  0044
interrupt_function       intentry     0004
intlevel0                functab      0000
intlevel1                functab      0000
intlevel2                functab      0000
intlevel3                functab      0000
intlevel4                functab      0000
intlevel5                functab      0000
reset_vec                reset_vec    0000
saved_w                  (abs)        007E
sendLCD@dato             cstackCOMMON 0077
sendLCD@rs               cstackCOMMON 0074
sendLCDString@i          cstackBANK0  0037
sendLCDString@s          cstackBANK0  0036
start                    init         0010
start_initialization     cinit        0013
wtemp0                   (abs)        007E


MODULE INFORMATION

Module		Function		Class		Link	Load	Size
C:\Program Files\Microchip\xc8\v2.45\pic\sources\c99\common\aldiv.c
		___aldiv       		CODE           	0020	0000	157

C:\Program Files\Microchip\xc8\v2.45\pic\sources\c99\common\aldiv.c estimated size: 157

newmain.c
		_ISR           		CODE           	0164	0000	43
		_main          		CODE           	018F	0000	41
		_initUART      		CODE           	011F	0000	69
		_sendLCD       		CODE           	01DC	0000	36
		_sendLCDString 		CODE           	01B8	0000	36
		_initLCD       		CODE           	00BD	0000	98

newmain.c estimated size: 323

shared
		__initialization		CODE           	0013	0000	9

shared estimated size: 9

