Microchip MPLAB XC8 Compiler V2.45

Linker command line:

-W-3 --edf=D:\Embedded\pic\dat\20230818022343_en.msgs -cn \
  -h+dist/default/production\Lampeggio_Tempi_Diversi.X.production.sym \
  --cmf=dist/default/production\Lampeggio_Tempi_Diversi.X.production.cmf -z \
  -Q16F628A -oC:\Users\Utente\AppData\Local\Temp\xcAspeg.\driver_tmp_3.o \
  --defsym=__MPLAB_BUILD=1 --fixupoverflow=error \
  -Mdist/default/production/Lampeggio_Tempi_Diversi.X.production.map \
  --md=C:\Users\Utente\AppData\Local\Temp\xcAspeg.\driver_tmp_0.dat -E1 \
  -ver=XC8 Compiler --acfsm=1493 -ACODE=00h-07FFh -ASTRCODE=00h-07FFh \
  -ASTRING=00h-0FFhx8 -ACONST=00h-0FFhx8 -AENTRY=00h-0FFhx8 \
  -ACOMMON=070h-07Fh -ABANK0=020h-06Fh -ABANK1=0A0h-0EFh \
  -ABANK2=0120h-014Fh -ARAM=020h-06Fh,0A0h-0EFh,0120h-014Fh \
  -AABS1=020h-07Fh,0A0h-0EFh,0120h-014Fh -ASFR0=00h-01Fh -ASFR1=080h-09Fh \
  -ASFR2=0100h-011Fh -ASFR3=0180h-01EFh -ACONFIG=02007h-02007h -DCONFIG=2 \
  -AIDLOC=02000h-02003h -DIDLOC=2 -AEEDATA=00h-07Fh/02100h \
  -peeprom_data=EEDATA -DEEDATA=2 -DCODE=2 -DSTRCODE=2 -DSTRING=2 -DCONST=2 \
  -DENTRY=2 -preset_vec=00h,intentry=04h,init,end_init -ppowerup=CODE \
  -pcinit=CODE -pfunctab=ENTRY -k \
  C:\Users\Utente\AppData\Local\Temp\xcAspeg.\driver_tmp_12.o \
  dist/default/production\Lampeggio_Tempi_Diversi.X.production.o 

Object code version is 3.11

Machine type is 16F628A



                Name                               Link     Load   Length Selector   Space Scale
C:\Users\Utente\AppData\Local\Temp\xcAspeg.\driver_tmp_12.o
                end_init                              E        E        1        8       0
                reset_vec                             0        0        1        0       0
                config                             2007     2007        1        0       4
dist/default/production\Lampeggio_Tempi_Diversi.X.production.o
                cinit                                 F        F        8        8       0
                intentry                              4        4        A        8       0
                config                             2007     2007        1        0       4
                text2                                17       17       48        8       0
                text1                                5F       5F       41        8       0
                maintext                             A0       A0       10        8       0
                cstackBANK0                          20       20        2       20       1
                cstackCOMMON                         70       70        8       70       1
                bssCOMMON                            78       78        6       70       1
                strings                              B0       B0        E      160       0

TOTAL           Name                               Link     Load   Length     Space
        CLASS   CODE           
                end_init                              E        E        1         0
                cinit                                 F        F        8         0
                intentry                              4        4        A         0
                reset_vec                             0        0        1         0
                text2                                17       17       48         0
                text1                                5F       5F       41         0
                maintext                             A0       A0       10         0

        CLASS   STRCODE        

        CLASS   STRING         
                strings                              B0       B0        E         0

        CLASS   CONST          

        CLASS   ENTRY          

        CLASS   COMMON         
                cstackCOMMON                         70       70        8         1
                bssCOMMON                            78       78        6         1

        CLASS   BANK0          
                cstackBANK0                          20       20        2         1

        CLASS   BANK1          

        CLASS   BANK2          

        CLASS   RAM            

        CLASS   ABS1           
                abs_s1                               7E       7E        2         1

        CLASS   SFR0           

        CLASS   SFR1           

        CLASS   SFR2           

        CLASS   SFR3           

        CLASS   CONFIG         
                config                             2007     2007        1         4

        CLASS   IDLOC          

        CLASS   EEDATA         

        CLASS   BANK3          

        CLASS   HEAP           

        CLASS   STACK          



SEGMENTS        Name                           Load    Length   Top    Selector   Space  Class     Delta

                reset_vec                      000000  000001  000001         0       0  CODE        2
                intentry                       000004  0000AC  0000B0         8       0  CODE        2
                cstackBANK0                    000020  000002  000022        20       1  BANK0       1
                cstackCOMMON                   000070  00000E  00007E        70       1  COMMON      1
                strings                        0000B0  00000E  0000BE       160       0  STRING      2


UNUSED ADDRESS RANGES

        Name                Unused          Largest block    Delta
        BANK0            0022-006F             4E           1
        BANK1            00A0-00EF             50           1
        BANK2            0120-014F             30           1
        CODE             0001-0003              3           2
                         00BE-07FF            742
        CONST            0001-0003              3           2
                         00BE-07FF            100
        EEDATA           2100-217F             80           2
        ENTRY            0001-0003              3           2
                         00BE-07FF            100
        IDLOC            2000-2003              4           2
        RAM              0022-006F             4E           1
                         00A0-00EF             50
                         0120-014F             30
        SFR0             0000-001F             20           1
        SFR1             0080-009F             20           1
        SFR2             0100-011F             20           1
        SFR3             0180-01EF             70           1
        STRCODE          0001-0003              3           2
                         00BE-07FF            742
        STRING           0001-0003              3           2
                         00BE-07FF            100

                                  Symbol Table

_Bottone_premuto         text1        005F
_INTCON                  (abs)        000B
_ISR                     text2        0017
_OPTION_REG              (abs)        0081
_PORTA                   (abs)        0005
_PORTB                   (abs)        0006
_T0IF                    (abs)        005A
_TMR0                    (abs)        0001
_TRISA                   (abs)        0085
_TRISB                   (abs)        0086
__H__absolute__          __absolute__ 0000
__Habs1                  abs1         0000
__Hbank0                 bank0        0000
__Hbank1                 bank1        0000
__Hbank2                 bank2        0000
__Hbank3                 bank3        0000
__HbssCOMMON             bssCOMMON    0000
__Hcinit                 cinit        0017
__Hclrtext               clrtext      0000
__Hcode                  code         0000
__Hcommon                common       0000
__Hconfig                config       2008
__HcstackBANK0           cstackBANK0  0000
__HcstackCOMMON          cstackCOMMON 0000
__Heeprom_data           eeprom_data  0000
__Hend_init              end_init     000F
__Hfunctab               functab      0000
__Hheap                  heap         0000
__Hinit                  init         000E
__Hintentry              intentry     000E
__Hmaintext              maintext     0000
__Hpowerup               powerup      0000
__Hram                   ram          0000
__Hreset_vec             reset_vec    0001
__Hsfr0                  sfr0         0000
__Hsfr1                  sfr1         0000
__Hsfr2                  sfr2         0000
__Hsfr3                  sfr3         0000
__Hspace_0               (abs)        00BE
__Hspace_1               (abs)        007E
__Hspace_2               (abs)        0000
__Hspace_3               (abs)        0000
__Hspace_4               (abs)        400F
__Hstack                 stack        0000
__Hstrings               strings      0000
__Htext                  text         0000
__L__absolute__          __absolute__ 0000
__Labs1                  abs1         0000
__Lbank0                 bank0        0000
__Lbank1                 bank1        0000
__Lbank2                 bank2        0000
__Lbank3                 bank3        0000
__LbssCOMMON             bssCOMMON    0000
__Lcinit                 cinit        000F
__Lclrtext               clrtext      0000
__Lcode                  code         0000
__Lcommon                common       0000
__Lconfig                config       0000
__LcstackBANK0           cstackBANK0  0000
__LcstackCOMMON          cstackCOMMON 0000
__Leeprom_data           eeprom_data  0000
__Lend_init              end_init     000E
__Lfunctab               functab      0000
__Lheap                  heap         0000
__Linit                  init         000E
__Lintentry              intentry     0004
__Lmaintext              maintext     0000
__Lpowerup               powerup      0000
__Lram                   ram          0000
__Lreset_vec             reset_vec    0000
__Lsfr0                  sfr0         0000
__Lsfr1                  sfr1         0000
__Lsfr2                  sfr2         0000
__Lsfr3                  sfr3         0000
__Lspace_0               (abs)        0000
__Lspace_1               (abs)        0000
__Lspace_2               (abs)        0000
__Lspace_3               (abs)        0000
__Lspace_4               (abs)        0000
__Lstack                 stack        0000
__Lstrings               strings      0000
__Ltext                  text         0000
__S0                     (abs)        00BE
__S1                     (abs)        007E
__S3                     (abs)        0000
___heap_hi               (abs)        0000
___heap_lo               (abs)        0000
___int_sp                stack        0000
___int_stack_hi          stack        0000
___int_stack_lo          stack        0000
___latbits               (abs)        0000
___sp                    stack        0000
___stack_hi              stack        0000
___stack_lo              stack        0000
___stackhi               (abs)        0000
___stacklo               (abs)        0000
__end_of_Bottone_premuto text1        00A0
__end_of_ISR             text2        005F
__end_of__initialization cinit        0015
__end_of__stringtab      strings      00B6
__end_of_main            maintext     00B0
__end_of_tempi_timer     strings      00BE
__initialization         cinit        000F
__pbssCOMMON             bssCOMMON    0078
__pcstackBANK0           cstackBANK0  0020
__pcstackCOMMON          cstackCOMMON 0070
__pintentry              intentry     0004
__pmaintext              maintext     00A0
__pstrings               strings      00B0
__ptext1                 text1        005F
__ptext2                 text2        0017
__stringbase             strings      00B5
__stringtab              strings      00B0
_acceso_spento           bssCOMMON    007D
_conta_interrupt         bssCOMMON    007A
_index                   bssCOMMON    0078
_main                    maintext     00A0
_oldread                 bssCOMMON    007C
_tempi_timer             strings      00B6
btemp                    (abs)        007E
end_of_initialization    cinit        0015
interrupt_function       intentry     0004
intlevel0                functab      0000
intlevel1                functab      0000
intlevel2                functab      0000
intlevel3                functab      0000
intlevel4                functab      0000
intlevel5                functab      0000
reset_vec                reset_vec    0000
saved_w                  (abs)        007E
start                    init         000E
start_initialization     cinit        000F
wtemp0                   (abs)        007E


MODULE INFORMATION

Module		Function		Class		Link	Load	Size
newmain.c
		_Bottone_premuto		CODE           	005F	0000	65
		_ISR           		CODE           	0017	0000	72
		_main          		CODE           	00A0	0000	16

newmain.c estimated size: 153

shared
		__stringtab    		STRING         	00B0	0000	6
		_tempi_timer   		STRING         	00B6	0000	8
		__initialization		CODE           	000F	0000	6

shared estimated size: 20

